Microchip MPLAB XC8 Compiler V2.32

Linker command line:

-W-3 --edf=C:\Program Files\Microchip\xc8\v2.32\pic\dat\en_msgs.txt -cn \
  -h+dist/default/production\LCDbase.X.production.sym \
  --cmf=dist/default/production\LCDbase.X.production.cmf -z -Q18F4550 \
  -oC:\Users\JOSHUA~1\AppData\Local\Temp\xcAsbvo.4 --defsym=__MPLAB_BUILD=1 \
  -Mdist/default/production/LCDbase.X.production.map -E1 -ver=XC8 Compiler \
  --acfsm=1493 -ASTACK=060h-07FFh -pstack=STACK -ACODE=00h-07FFFh \
  -ACONST=00h-07FFFh -ASMALLCONST=0800h-08FFhx120 \
  -AMEDIUMCONST=0800h-07FFFh -ACOMRAM=01h-05Fh -AABS1=00h-07FFh \
  -ABIGRAM=01h-07FFh -ARAM=060h-0FFh,0100h-01FFhx7 -ABANK0=060h-0FFh \
  -ABANK1=0100h-01FFh -ABANK2=0200h-02FFh -ABANK3=0300h-03FFh \
  -ABANK4=0400h-04FFh -ABANK5=0500h-05FFh -ABANK6=0600h-06FFh \
  -ABANK7=0700h-07FFh -ASFR=0F60h-0FFFh -ACONFIG=0300000h-030000Dh \
  -AIDLOC=0200000h-0200007h -AEEDATA=0F00000h-0F000FFh -peeprom_data=EEDATA \
  -preset_vec=00h,intcode=08h,intcodelo,powerup,init -pramtop=0800h \
  -psmallconst=SMALLCONST -pmediumconst=MEDIUMCONST -pconst=CONST \
  -AFARRAM=00h-00h \
  -prdata=COMRAM,nvrram=COMRAM,nvbit=COMRAM,rbss=COMRAM,rbit=COMRAM \
  -pfarbss=FARRAM,fardata=FARRAM,nvFARRAM=FARRAM \
  -pintsave_regs=BIGRAM,bigbss=BIGRAM,bigdata=BIGRAM -pbss=RAM \
  -pidata=CODE,irdata=CODE,ibigdata=CODE,ifardata=CODE -prparam=COMRAM \
  C:\Users\JOSHUA~1\AppData\Local\Temp\xcAsbvo.o \
  dist/default/production\LCDbase.X.production.o 

Object code version is 3.11

Machine type is 18F4550



                Name                               Link     Load   Length Selector   Space Scale
C:\Users\JOSHUA~1\AppData\Local\Temp\xcAsbvo.o
                idloc                            200000   200000        8        0       5
                config                           300000   300000        E        0       4
                init                                  E        E        4        4       0
                reset_vec                             0        0        4        0       0
dist/default/production\LCDbase.X.production.o
                intcode                               8        8        6        4       0
                idloc                            200000   200000        8        0       5
                config                           300000   300000        E        0       4
                temp                                 21       21        1        1       1
                smallconst                          800      800       5C      400       0
                text15                              F92      F92       1A      42E       0
                text14                              E70      E70       3E      42E       0
                intcode_body                        BA8      BA8       D8      42E       0
                text12                              F78      F78       1A      42E       0
                text11                              DEC      DEC       46      42E       0
                text10                              FAC      FAC       10      42E       0
                text9                               CF6      CF6       5A      42E       0
                text8                               E32      E32       3E      42E       0
                text7                               ABE      ABE       EA      42E       0
                text6                               F50      F50       28      42E       0
                text5                               C80      C80       76      42E       0
                text4                               D50      D50       52      42E       0
                text3                               EEA      EEA       36      42E       0
                text2                               F20      F20       30      42E       0
                text1                               DA2      DA2       4A      42E       0
                text0                               85C      85C      262      42E       0
                cstackCOMRAM                         10       10        C        1       1
                dataCOMRAM                            1        1        F        1       1
                bssCOMRAM                            1C       1C        5        1       1
                cinit                               EAE      EAE       3C      42E       0
                idataCOMRAM                         FBC      FBC        F      42E       0

TOTAL           Name                               Link     Load   Length     Space
        CLASS   STACK          

        CLASS   CODE           
                intcode                               8        8        6         0
                init                                  E        E        4         0
                reset_vec                             0        0        4         0
                text15                              F92      F92       1A         0
                text14                              E70      E70       3E         0
                intcode_body                        BA8      BA8       D8         0
                text12                              F78      F78       1A         0
                text11                              DEC      DEC       46         0
                text10                              FAC      FAC       10         0
                text9                               CF6      CF6       5A         0
                text8                               E32      E32       3E         0
                text7                               ABE      ABE       EA         0
                text6                               F50      F50       28         0
                text5                               C80      C80       76         0
                text4                               D50      D50       52         0
                text3                               EEA      EEA       36         0
                text2                               F20      F20       30         0
                text1                               DA2      DA2       4A         0
                text0                               85C      85C      262         0
                cinit                               EAE      EAE       3C         0
                idataCOMRAM                         FBC      FBC        F         0

        CLASS   CONST          

        CLASS   SMALLCONST     
                smallconst                          800      800       5C         0

        CLASS   MEDIUMCONST    

        CLASS   COMRAM         
                temp                                 21       21        1         1
                cstackCOMRAM                         10       10        C         1
                dataCOMRAM                            1        1        F         1
                bssCOMRAM                            1C       1C        5         1

        CLASS   ABS1           

        CLASS   BIGRAM         

        CLASS   RAM            

        CLASS   BANK0          

        CLASS   BANK1          

        CLASS   BANK2          

        CLASS   BANK3          

        CLASS   BANK4          

        CLASS   BANK5          

        CLASS   BANK6          

        CLASS   BANK7          

        CLASS   SFR            

        CLASS   CONFIG         
                config                           300000   300000        E         4

        CLASS   IDLOC          
                idloc                            200000   200000        8         5

        CLASS   EEDATA         

        CLASS   FARRAM         



SEGMENTS        Name                           Load    Length   Top    Selector   Space  Class

                reset_vec                      000000  000004  000004         0       0  CODE    
                dataCOMRAM                     000001  000021  000022         1       1  COMRAM  
                intcode                        000008  00000A  000012         4       0  CODE    
                smallconst                     000800  00005C  00085C       400       0  SMALLCON
                text0                          00085C  00076F  000FCB       42E       0  CODE    


UNUSED ADDRESS RANGES

        Name                Unused          Largest block    Delta
        BANK0            000060-0000FF               A0
        BANK1            000100-0001FF              100
        BANK2            000200-0002FF              100
        BANK3            000300-0003FF              100
        BANK4            000400-0004FF              100
        BANK5            000500-0005FF              100
        BANK6            000600-0006FF              100
        BANK7            000700-0007FF              100
        BIGRAM           000022-0007FF              7DE
        CODE             000004-000007                4
                         000012-0007FF              7EE
                         000FCB-007FFF             7035
        COMRAM           000022-00005F               3E
        CONST            000004-000007                4
                         000012-0007FF              7EE
                         000FCB-007FFF             7035
        EEDATA           F00000-F000FF              100
        MEDIUMCONST      000FCB-007FFF             7035
        RAM              000060-0007FF              100
        SFR              000F60-000FFF               A0
        SMALLCONST       000FCB-007FFF              100
        STACK            000060-0007FF              7A0

                                  Symbol Table

LCD_WriteChr_CGRAM@Addres    cstackCOMRAM 000018
LCD_WriteChr_CGRAM@buffer    cstackCOMRAM 000016
LCD_WriteChr_CGRAM@i         cstackCOMRAM 000019
LCD_gotoXY@x                 cstackCOMRAM 000013
LCD_gotoXY@y                 cstackCOMRAM 000015
OpenXLCD@lcdtype             cstackCOMRAM 000016
SetCGRamAddr@CGaddr          cstackCOMRAM 000015
SetDDRamAddr@DDaddr          cstackCOMRAM 000015
WriteCmdXLCD@cmd             cstackCOMRAM 000012
WriteDataXLCD@data           cstackCOMRAM 000012
_BusyXLCD                    text11       000DEC
_DelayFor18TCY               text12       000F78
_DelayPORXLCD                text10       000FAC
_INTCON2bits                 (abs)        000FF1
_INTCONbits                  (abs)        000FF2
_JOSHUAint0                  intcode      000008
_LATB                        (abs)        000F8A
_LATDbits                    (abs)        000F8C
_LCD_Init                    text6        000F50
_LCD_WriteChr_CGRAM          text3        000EEA
_LCD_gotoXY                  text2        000F20
_OpenXLCD                    text7        000ABE
_PORTBbits                   (abs)        000F81
_PORTD                       (abs)        000F83
_RCONbits                    (abs)        000FD0
_SetCGRamAddr                text5        000C80
_SetDDRamAddr                text9        000CF6
_TRISBbits                   (abs)        000F93
_TRISD                       (abs)        000F95
_TRISDbits                   (abs)        000F95
_WriteCmdXLCD                text8        000E32
_WriteDataXLCD               text4        000D50
__HRAM                       (abs)        000000
__Habs1                      abs1         000000
__Hbank0                     bank0        000000
__Hbank1                     bank1        000000
__Hbank2                     bank2        000000
__Hbank3                     bank3        000000
__Hbank4                     bank4        000000
__Hbank5                     bank5        000000
__Hbank6                     bank6        000000
__Hbank7                     bank7        000000
__Hbigbss                    bigbss       000000
__Hbigdata                   bigdata      000000
__Hbigram                    bigram       000000
__Hbss                       bss          000000
__HbssCOMRAM                 bssCOMRAM    000000
__Hcinit                     cinit        000000
__Hclrtext                   clrtext      000000
__Hcomram                    comram       000000
__Hconfig                    config       30000E
__Hconst                     const        000000
__HcstackCOMRAM              cstackCOMRAM 000000
__Hdata                      data         000000
__HdataCOMRAM                dataCOMRAM   000000
__Heeprom_data               eeprom_data  000000
__Hfarbss                    farbss       000000
__Hfardata                   fardata      000000
__Hibigdata                  ibigdata     000000
__Hidata                     idata        000000
__HidataCOMRAM               idataCOMRAM  000000
__Hidloc                     idloc        200008
__Hifardata                  ifardata     000000
__Hinit                      init         000012
__Hintcode                   intcode      00000E
__Hintcode_body              intcode_body 000000
__Hintcodelo                 intcodelo    00000E
__Hintentry                  intentry     000000
__Hintret                    intret       000000
__Hintsave_regs              intsave_regs 000000
__Hirdata                    irdata       000000
__Hmediumconst               mediumconst  000000
__HnvFARRAM                  nvFARRAM     000000
__Hnvbit                     nvbit        000000
__Hnvrram                    nvrram       000000
__Hparam                     rparam       000000
__Hpowerup                   powerup      00000E
__Hram                       ram          000000
__Hramtop                    ramtop       000800
__Hrbit                      rbit         000000
__Hrbss                      rbss         000000
__Hrdata                     rdata        000000
__Hreset_vec                 reset_vec    000004
__Hrparam                    rparam       000000
__Hsfr                       sfr          000000
__Hsmallconst                smallconst   00085C
__Hspace_0                   (abs)        000FCB
__Hspace_1                   (abs)        000022
__Hspace_2                   (abs)        000000
__Hspace_4                   (abs)        60000E
__Hstack                     stack        000000
__Hstruct                    struct       000000
__Htemp                      temp         000022
__Htext                      text         000000
__Htext0                     text0        000000
__Htext1                     text1        000000
__Htext10                    text10       000000
__Htext11                    text11       000000
__Htext12                    text12       000000
__Htext14                    text14       000000
__Htext15                    text15       000000
__Htext2                     text2        000000
__Htext3                     text3        000000
__Htext4                     text4        000000
__Htext5                     text5        000000
__Htext6                     text6        000000
__Htext7                     text7        000000
__Htext8                     text8        000000
__Htext9                     text9        000000
__LRAM                       (abs)        000001
__Labs1                      abs1         000000
__Lbank0                     bank0        000000
__Lbank1                     bank1        000000
__Lbank2                     bank2        000000
__Lbank3                     bank3        000000
__Lbank4                     bank4        000000
__Lbank5                     bank5        000000
__Lbank6                     bank6        000000
__Lbank7                     bank7        000000
__Lbigbss                    bigbss       000000
__Lbigdata                   bigdata      000000
__Lbigram                    bigram       000000
__Lbss                       bss          000000
__LbssCOMRAM                 bssCOMRAM    000000
__Lcinit                     cinit        000000
__Lclrtext                   clrtext      000000
__Lcomram                    comram       000000
__Lconfig                    config       000000
__Lconst                     const        000000
__LcstackCOMRAM              cstackCOMRAM 000000
__Ldata                      data         000000
__LdataCOMRAM                dataCOMRAM   000000
__Leeprom_data               eeprom_data  000000
__Lfarbss                    farbss       000000
__Lfardata                   fardata      000000
__Libigdata                  ibigdata     000000
__Lidata                     idata        000000
__LidataCOMRAM               idataCOMRAM  000000
__Lidloc                     idloc        000000
__Lifardata                  ifardata     000000
__Linit                      init         00000E
__Lintcode                   intcode      000008
__Lintcode_body              intcode_body 000000
__Lintcodelo                 intcodelo    00000E
__Lintentry                  intentry     000000
__Lintret                    intret       000000
__Lintsave_regs              intsave_regs 000000
__Lirdata                    irdata       000000
__Lmediumconst               mediumconst  000000
__LnvFARRAM                  nvFARRAM     000000
__Lnvbit                     nvbit        000000
__Lnvrram                    nvrram       000000
__Lparam                     rparam       000000
__Lpowerup                   powerup      00000E
__Lram                       ram          000000
__Lramtop                    ramtop       000800
__Lrbit                      rbit         000000
__Lrbss                      rbss         000000
__Lrdata                     rdata        000000
__Lreset_vec                 reset_vec    000000
__Lrparam                    rparam       000000
__Lsfr                       sfr          000000
__Lsmallconst                smallconst   000800
__Lspace_0                   (abs)        000000
__Lspace_1                   (abs)        000000
__Lspace_2                   (abs)        000000
__Lspace_4                   (abs)        000000
__Lstack                     stack        000000
__Lstruct                    struct       000000
__Ltemp                      temp         000021
__Ltext                      text         000000
__Ltext0                     text0        000000
__Ltext1                     text1        000000
__Ltext10                    text10       000000
__Ltext11                    text11       000000
__Ltext12                    text12       000000
__Ltext14                    text14       000000
__Ltext15                    text15       000000
__Ltext2                     text2        000000
__Ltext3                     text3        000000
__Ltext4                     text4        000000
__Ltext5                     text5        000000
__Ltext6                     text6        000000
__Ltext7                     text7        000000
__Ltext8                     text8        000000
__Ltext9                     text9        000000
__S0                         (abs)        000FCB
__S1                         (abs)        000022
__S2                         (abs)        000000
__S4                         (abs)        000000
__S5                         (abs)        000000
___inthi_sp                  stack        000000
___intlo_sp                  stack        000000
___param_bank                (abs)        000000
___rparam_used               (abs)        000001
___sp                        stack        000000
__accesstop                  (abs)        000060
__activetblptr               (abs)        000001
__end_of_BusyXLCD            text11       000E32
__end_of_DelayFor18TCY       text12       000F92
__end_of_DelayPORXLCD        text10       000FBC
__end_of_JOSHUAint0          intcode_body 000C80
__end_of_LCD_Init            text6        000F78
__end_of_LCD_WriteChr_CGRAM  text3        000F20
__end_of_LCD_gotoXY          text2        000F50
__end_of_OpenXLCD            text7        000BA8
__end_of_SetCGRamAddr        text5        000CF6
__end_of_SetDDRamAddr        text9        000D50
__end_of_WriteCmdXLCD        text8        000E70
__end_of_WriteDataXLCD       text4        000DA2
__end_of__initialization     cinit        000ED8
__end_of_b1                  smallconst   000837
__end_of_b2                  smallconst   00082E
__end_of_b3                  smallconst   000825
__end_of_b4                  smallconst   00081C
__end_of_b5                  smallconst   000813
__end_of_b6                  smallconst   00080A
__end_of_main                text0        000ABE
__end_of_max                 smallconst   000849
__end_of_min                 smallconst   000840
__end_of_putrsXLCD           text1        000DEC
__end_ofi2_DelayFor18TCY     text15       000FAC
__end_ofi2_WriteCmdXLCD      text14       000EAE
__initialization             cinit        000EAE
__mediumconst                mediumconst  000000
__pbssCOMRAM                 bssCOMRAM    00001C
__pcinit                     cinit        000EAE
__pcstackCOMRAM              cstackCOMRAM 000010
__pdataCOMRAM                dataCOMRAM   000001
__pidataCOMRAM               idataCOMRAM  000FBC
__pintcode                   intcode      000008
__pintcode_body              intcode_body 000BA8
__psmallconst                smallconst   000800
__ptext0                     text0        00085C
__ptext1                     text1        000DA2
__ptext10                    text10       000FAC
__ptext11                    text11       000DEC
__ptext12                    text12       000F78
__ptext14                    text14       000E70
__ptext15                    text15       000F92
__ptext2                     text2        000F20
__ptext3                     text3        000EEA
__ptext4                     text4        000D50
__ptext5                     text5        000C80
__ptext6                     text6        000F50
__ptext7                     text7        000ABE
__ptext8                     text8        000E32
__ptext9                     text9        000CF6
__ramtop                     ramtop       000800
__size_of_BusyXLCD           (abs)        000000
__size_of_DelayFor18TCY      (abs)        000000
__size_of_DelayPORXLCD       (abs)        000000
__size_of_JOSHUAint0         (abs)        000000
__size_of_LCD_Init           (abs)        000000
__size_of_LCD_WriteChr_CGRAM (abs)        000000
__size_of_LCD_gotoXY         (abs)        000000
__size_of_OpenXLCD           (abs)        000000
__size_of_SetCGRamAddr       (abs)        000000
__size_of_SetDDRamAddr       (abs)        000000
__size_of_WriteCmdXLCD       (abs)        000000
__size_of_WriteDataXLCD      (abs)        000000
__size_of_main               (abs)        000000
__size_of_putrsXLCD          (abs)        000000
__size_ofi2_DelayFor18TCY    (abs)        000000
__size_ofi2_WriteCmdXLCD     (abs)        000000
__smallconst                 smallconst   000800
_b1                          smallconst   00082E
_b2                          smallconst   000825
_b3                          smallconst   00081C
_b4                          smallconst   000813
_b5                          smallconst   00080A
_b6                          smallconst   000801
_cgr                         dataCOMRAM   000001
_cuenta                      bssCOMRAM    000020
_i                           bssCOMRAM    00001C
_main                        text0        00085C
_max                         smallconst   000840
_min                         smallconst   000837
_p                           bssCOMRAM    00001E
_putrsXLCD                   text1        000DA2
btemp                        temp         000021
end_of_initialization        cinit        000ED8
i2WriteCmdXLCD@cmd           cstackCOMRAM 000010
i2_DelayFor18TCY             text15       000F92
i2_WriteCmdXLCD              text14       000E70
int$flags                    temp         000021
int_func                     intcode_body 000BA8
intlevel0                    text         000000
intlevel1                    text         000000
intlevel2                    text         000000
intlevel3                    text         000000
isa$std                      (abs)        000001
isa$xinst                    (abs)        000000
putrsXLCD@buffer             cstackCOMRAM 000013
stackhi                      (abs)        0007FF
stacklo                      (abs)        000060
start                        init         00000E
start_initialization         cinit        000EAE
ttemp5                       temp         000022
ttemp6                       temp         000025
ttemp7                       temp         000029
wtemp8                       temp         000022


MODULE INFORMATION

Module		Function		Class		Link	Load	Size
LCD_libreria.c
		_BusyXLCD      		CODE           	0DEC	0000	70
		_LCD_WriteChr_CGRAM		CODE           	0EEA	0000	54
		_SetCGRamAddr  		CODE           	0C80	0000	118
		_LCD_gotoXY    		CODE           	0F20	0000	48
		_DelayFor18TCY 		CODE           	0F78	0000	26
		_WriteCmdXLCD  		CODE           	0E32	0000	62
		_OpenXLCD      		CODE           	0ABE	0000	234
		_WriteDataXLCD 		CODE           	0D50	0000	82
		_SetDDRamAddr  		CODE           	0CF6	0000	90
		_DelayPORXLCD  		CODE           	0FAC	0000	16
		_putrsXLCD     		CODE           	0DA2	0000	74

LCD_libreria.c estimated size: 874

Programa_principal.c
		_LCD_Init      		CODE           	0F50	0000	40
		_main          		CODE           	085C	0000	610
		_JOSHUAint0    		CODE           	0008	0000	222

Programa_principal.c estimated size: 872

shared
		_b1            		SMALLCONST     	082E	0000	9
		_b2            		SMALLCONST     	0825	0000	9
		_b3            		SMALLCONST     	081C	0000	9
		_min           		SMALLCONST     	0837	0000	9
		_b4            		SMALLCONST     	0813	0000	9
		_b5            		SMALLCONST     	080A	0000	9
		_b6            		SMALLCONST     	0801	0000	9
		_max           		SMALLCONST     	0840	0000	9
		__initialization		CODE           	0EAE	0000	42
		i2_WriteCmdXLCD		CODE           	0E70	0000	62
		i2_DelayFor18TCY		CODE           	0F92	0000	26

shared estimated size: 202

